// Vitest Snapshot v1, https://vitest.dev/guide/snapshot.html

exports[`toAsyncApi > matches snapshot 1`] = `
{
  "asyncapi": "3.0.0",
  "channels": {
    "ChatApi": {
      "address": "/ws/chat",
      "messages": {
        "ChatApi_joinRoom": {
          "name": "joinRoom",
          "payload": {
            "properties": {
              "roomId": {
                "minLength": 1,
                "type": "string",
              },
            },
            "required": [
              "roomId",
            ],
            "type": "object",
          },
          "title": "Join Room",
        },
        "ChatApi_onMessage": {
          "name": "onMessage",
          "payload": {
            "$ref": "#/components/schemas/ChatMessage",
          },
          "title": "On Message",
        },
        "ChatApi_onUserJoined": {
          "name": "onUserJoined",
          "payload": {
            "properties": {
              "roomId": {
                "minLength": 1,
                "type": "string",
              },
              "userId": {
                "minLength": 1,
                "type": "string",
              },
            },
            "required": [
              "userId",
              "roomId",
            ],
            "type": "object",
          },
          "title": "On User Joined",
        },
        "ChatApi_sendMessage_error_SERVER_ERROR": {
          "description": "HTTP equivalent status: 500",
          "name": "sendMessage error SERVER_ERROR",
          "payload": {
            "properties": {
              "success": {
                "enum": [
                  false,
                ],
                "type": "boolean",
              },
              "type": {
                "enum": [
                  "SERVER_ERROR",
                ],
                "type": "string",
              },
            },
            "required": [
              "success",
              "type",
            ],
            "type": "object",
          },
          "title": "Send Message error — SERVER_ERROR",
        },
        "ChatApi_sendMessage_error_VALIDATION_ERROR": {
          "description": "HTTP equivalent status: 422",
          "name": "sendMessage error VALIDATION_ERROR",
          "payload": {
            "properties": {
              "data": {
                "items": {
                  "$ref": "#/components/schemas/ValidationIssue",
                },
                "type": "array",
              },
              "success": {
                "enum": [
                  false,
                ],
                "type": "boolean",
              },
              "type": {
                "enum": [
                  "VALIDATION_ERROR",
                ],
                "type": "string",
              },
            },
            "required": [
              "success",
              "type",
              "data",
            ],
            "type": "object",
          },
          "title": "Send Message error — VALIDATION_ERROR",
        },
        "ChatApi_sendMessage_request": {
          "name": "sendMessage request",
          "payload": {
            "properties": {
              "roomId": {
                "minLength": 1,
                "type": "string",
              },
              "text": {
                "description": "Message text",
                "minLength": 1,
                "type": "string",
              },
            },
            "required": [
              "text",
              "roomId",
            ],
            "type": "object",
          },
          "title": "Send Message request",
        },
        "ChatApi_sendMessage_response": {
          "name": "sendMessage response",
          "payload": {
            "properties": {
              "data": {
                "properties": {
                  "messageId": {
                    "minLength": 1,
                    "type": "string",
                  },
                  "timestamp": {
                    "type": "number",
                  },
                },
                "required": [
                  "messageId",
                  "timestamp",
                ],
                "type": "object",
              },
              "success": {
                "enum": [
                  true,
                ],
                "type": "boolean",
              },
              "type": {
                "enum": [
                  "OK",
                ],
                "type": "string",
              },
            },
            "required": [
              "success",
              "type",
              "data",
            ],
            "type": "object",
          },
          "title": "Send Message response",
        },
      },
      "title": "Chat Api",
    },
    "ConfigTestSocketApi": {
      "address": "/ws/config-test",
      "messages": {
        "ConfigTestSocketApi_configChanged": {
          "name": "configChanged",
          "payload": {
            "properties": {
              "watchedTimeout": {
                "type": "number",
              },
            },
            "required": [
              "watchedTimeout",
            ],
            "type": "object",
          },
          "title": "Config Changed",
        },
        "ConfigTestSocketApi_getWatchedValue_error_SERVER_ERROR": {
          "description": "HTTP equivalent status: 500",
          "name": "getWatchedValue error SERVER_ERROR",
          "payload": {
            "properties": {
              "success": {
                "enum": [
                  false,
                ],
                "type": "boolean",
              },
              "type": {
                "enum": [
                  "SERVER_ERROR",
                ],
                "type": "string",
              },
            },
            "required": [
              "success",
              "type",
            ],
            "type": "object",
          },
          "title": "Get Watched Value error — SERVER_ERROR",
        },
        "ConfigTestSocketApi_getWatchedValue_request": {
          "name": "getWatchedValue request",
          "title": "Get Watched Value request",
        },
        "ConfigTestSocketApi_getWatchedValue_response": {
          "name": "getWatchedValue response",
          "payload": {
            "properties": {
              "data": {
                "properties": {
                  "watchedTimeout": {
                    "type": "number",
                  },
                },
                "required": [
                  "watchedTimeout",
                ],
                "type": "object",
              },
              "success": {
                "enum": [
                  true,
                ],
                "type": "boolean",
              },
              "type": {
                "enum": [
                  "OK",
                ],
                "type": "string",
              },
            },
            "required": [
              "success",
              "type",
              "data",
            ],
            "type": "object",
          },
          "title": "Get Watched Value response",
        },
      },
      "title": "Config Test Socket Api",
    },
  },
  "components": {
    "schemas": {
      "ChatMessage": {
        "description": "A message pushed to the client",
        "properties": {
          "messageId": {
            "minLength": 1,
            "type": "string",
          },
          "text": {
            "minLength": 1,
            "type": "string",
          },
          "timestamp": {
            "type": "number",
          },
          "userId": {
            "minLength": 1,
            "type": "string",
          },
        },
        "required": [
          "messageId",
          "text",
          "userId",
          "timestamp",
        ],
        "title": "Chat message",
        "type": "object",
      },
      "LocaleCode": {
        "description": "BCP 47 language or language-region format",
        "example": "en-US",
        "pattern": "^[a-z]{2}(-[A-Z]{2})?$",
        "title": "Locale code",
        "type": "string",
      },
      "ValidationIssue": {
        "description": "A single field-level validation failure. One request can produce multiple issues.",
        "example": {
          "code": "invalid.string.minLength",
          "expectedLanguage": "de",
          "message": "Minimum 8 characters required",
          "params": {
            "min": 8,
          },
          "path": "password",
          "usedLanguage": "en",
        },
        "properties": {
          "code": {
            "description": "Dot-separated issue key identifying the rule that failed",
            "example": "invalid.string.minLength",
            "minLength": 1,
            "type": "string",
          },
          "expectedLanguage": {
            "$ref": "#/components/schemas/LocaleCode",
            "description": "Locale requested by the client via Accept-Language",
          },
          "message": {
            "description": "Human-readable error message, localised to the client locale if available",
            "example": "Minimum 8 characters required",
            "minLength": 1,
            "type": "string",
          },
          "params": {
            "additionalProperties": {},
            "description": "Template variables substituted into the message template",
            "example": {
              "min": 8,
            },
            "type": "object",
          },
          "path": {
            "description": "Dot-separated field path within the request body",
            "example": "user.address.zip",
            "minLength": 1,
            "type": "string",
          },
          "usedLanguage": {
            "$ref": "#/components/schemas/LocaleCode",
            "description": "Locale actually used to render the message (may differ from requested if translation is missing)",
          },
        },
        "required": [
          "path",
          "code",
          "message",
        ],
        "title": "Validation issue",
        "type": "object",
      },
    },
    "securitySchemes": {
      "BearerToken": {
        "description": "JWT access token for chat auth",
        "scheme": "bearer",
        "type": "http",
      },
    },
  },
  "info": {
    "description": "WebSocket API documentation",
    "title": "Showcase AsyncAPI",
    "version": "1.0.0",
  },
  "operations": {
    "ChatApi_receive_onMessage": {
      "action": "receive",
      "channel": {
        "$ref": "#/channels/ChatApi",
      },
      "description": "On Message — server push",
      "messages": [
        {
          "$ref": "#/channels/ChatApi/messages/ChatApi_onMessage",
        },
      ],
      "security": [
        {
          "$ref": "#/components/securitySchemes/BearerToken",
        },
      ],
      "title": "On Message",
    },
    "ChatApi_receive_onUserJoined": {
      "action": "receive",
      "channel": {
        "$ref": "#/channels/ChatApi",
      },
      "description": "On User Joined — server push",
      "messages": [
        {
          "$ref": "#/channels/ChatApi/messages/ChatApi_onUserJoined",
        },
      ],
      "security": [
        {
          "$ref": "#/components/securitySchemes/BearerToken",
        },
      ],
      "title": "On User Joined",
    },
    "ChatApi_send_joinRoom": {
      "action": "send",
      "channel": {
        "$ref": "#/channels/ChatApi",
      },
      "description": "Join Room — fire-and-forget",
      "messages": [
        {
          "$ref": "#/channels/ChatApi/messages/ChatApi_joinRoom",
        },
      ],
      "title": "Join Room",
    },
    "ChatApi_send_sendMessage": {
      "action": "send",
      "channel": {
        "$ref": "#/channels/ChatApi",
      },
      "description": "Send Message — request/response",
      "messages": [
        {
          "$ref": "#/channels/ChatApi/messages/ChatApi_sendMessage_request",
        },
      ],
      "reply": {
        "channel": {
          "$ref": "#/channels/ChatApi",
        },
        "messages": [
          {
            "$ref": "#/channels/ChatApi/messages/ChatApi_sendMessage_response",
          },
          {
            "$ref": "#/channels/ChatApi/messages/ChatApi_sendMessage_error_VALIDATION_ERROR",
          },
          {
            "$ref": "#/channels/ChatApi/messages/ChatApi_sendMessage_error_SERVER_ERROR",
          },
        ],
      },
      "title": "Send Message",
    },
    "ConfigTestSocketApi_receive_configChanged": {
      "action": "receive",
      "channel": {
        "$ref": "#/channels/ConfigTestSocketApi",
      },
      "description": "Config Changed — server push",
      "messages": [
        {
          "$ref": "#/channels/ConfigTestSocketApi/messages/ConfigTestSocketApi_configChanged",
        },
      ],
      "title": "Config Changed",
    },
    "ConfigTestSocketApi_send_getWatchedValue": {
      "action": "send",
      "channel": {
        "$ref": "#/channels/ConfigTestSocketApi",
      },
      "description": "Get Watched Value — request/response",
      "messages": [
        {
          "$ref": "#/channels/ConfigTestSocketApi/messages/ConfigTestSocketApi_getWatchedValue_request",
        },
      ],
      "reply": {
        "channel": {
          "$ref": "#/channels/ConfigTestSocketApi",
        },
        "messages": [
          {
            "$ref": "#/channels/ConfigTestSocketApi/messages/ConfigTestSocketApi_getWatchedValue_response",
          },
          {
            "$ref": "#/channels/ConfigTestSocketApi/messages/ConfigTestSocketApi_getWatchedValue_error_SERVER_ERROR",
          },
        ],
      },
      "title": "Get Watched Value",
    },
  },
}
`;
